C51 COMPILER V9.60.7.0   MAIN                                                              08/16/2024 23:51:23 PAGE 1   


C51 COMPILER V9.60.7.0, COMPILATION OF MODULE MAIN
OBJECT MODULE PLACED IN .\Objects\main.obj
COMPILER INVOKED BY: C:\hoc\8051\Keil_C_v5\C51\BIN\C51.EXE main.c OPTIMIZE(8,SPEED) BROWSE DEBUG OBJECTEXTEND PRINT(.\Li
                    -stings\main.lst) TABS(2) OBJECT(.\Objects\main.obj)

line level    source

   1          #include <REGX52.H>
   2          
   3          void Delay_ms(unsigned int t)
   4          {
   5   1        unsigned int x, y;
   6   1        for(x =0; x<t; x++)
   7   1        {
   8   2          for(y=0; y<123; y++);
   9   2        }
  10   1      }
  11          
  12          void main()
  13          {
  14   1        unsigned char i;
  15   1        char b;
  16   1        while(1)
  17   1        {
  18   2          P0 = 0x00;
  19   2          Delay_ms(500);
  20   2          b = 0x80; // -128                    7 6 5 4 3 2 1 0
  21   2          P0 = b;   // bin                     1 0 0 0 0 0 0 0
  22   2                    // bu 1: "~"               0 1 1 1 1 1 1 1
  23   2                    // bu 2: "~" + logic:1     1 0 0 0 0 0 0 0   => HEX = 0x80
  24   2          for(i=0; i<8; i++)
  25   2          {
  26   3            Delay_ms(1000);
  27   3            b = b >> 1;
  28   3            P0 = b;
  29   3          }
  30   2          for(i=0; i<8; i++)
  31   2          {
  32   3            Delay_ms(1000);
  33   3            b = b << 1;
  34   3            P0 = b;
  35   3          }
  36   2        }
  37   1        // led sang dan sau do tat dan
  38   1      }


MODULE INFORMATION:   STATIC OVERLAYABLE
   CODE SIZE        =     96    ----
   CONSTANT SIZE    =   ----    ----
   XDATA SIZE       =   ----    ----
   PDATA SIZE       =   ----    ----
   DATA SIZE        =   ----       1
   IDATA SIZE       =   ----    ----
   BIT SIZE         =   ----    ----
END OF MODULE INFORMATION.


C51 COMPILATION COMPLETE.  0 WARNING(S),  0 ERROR(S)
